// Jest Snapshot v1, https://goo.gl/fbAQLP

exports[`Home Component should render without throwing an error 1`] = `
<div>
  <div
    className="rows"
    data-test="headerLine"
  >
    <withRouter(Connect(Navigation)) />
    <div>
      <h1
        data-test="header"
      >
         
        <FormattedMessage
          defaultMessage="Claymore"
          id="home.title"
          values={Object {}}
        />
      </h1>
    </div>
  </div>
  <h2
    style={
      Object {
        "marginLeft": "400px",
      }
    }
  >
     
    <FormattedMessage
      defaultMessage="Most Popular Sports"
      id="home.sports"
      values={Object {}}
    />
     
  </h2>
  <div
    className="rows"
  />
  <h2
    style={
      Object {
        "marginLeft": "400px",
      }
    }
  >
     
    <FormattedMessage
      defaultMessage="Most Popluar Poker"
      id="home.poker"
      values={Object {}}
    />
     
  </h2>
  <div
    className="rows"
  />
  <h2
    style={
      Object {
        "marginLeft": "400px",
      }
    }
  >
     
    <FormattedMessage
      defaultMessage="Most Popluar Casino"
      id="home.casino"
      values={Object {}}
    />
     
  </h2>
  <div
    className="rows"
  />
</div>
`;
